C:/Users/parkc/STM32Cube/Repository/STM32Cube_FW_F4_V1.28.2/Drivers/CMSIS/Include/core_cm4.h:2064:26:ITM_SendChar	16	static,ignoring_inline_asm
../Core/Src/main.c:95:5:main	8	static
../Core/Src/main.c:158:6:SystemClock_Config	88	static
../Core/Src/main.c:206:13:MX_I2C1_Init	8	static
../Core/Src/main.c:240:13:MX_TIM1_Init	80	static
../Core/Src/main.c:305:13:MX_TIM2_Init	48	static
../Core/Src/main.c:354:13:MX_TIM3_Init	48	static
../Core/Src/main.c:403:13:MX_TIM5_Init	48	static
../Core/Src/main.c:452:13:MX_GPIO_Init	16	static
../Core/Src/main.c:468:6:BNO055_Init	32	static
../Core/Src/main.c:487:6:BNO055_Read_Raw_Euler_Angles	48	static
../Core/Src/main.c:499:5:__io_putchar	16	static
../Core/Src/main.c:508:6:Error_Handler	4	static,ignoring_inline_asm
